LuniraScreen Native Windows - Agora roundtrip CI failure
Date: 2026-09-22 (America/Sao_Paulo)
Branch: feature/native-windows-app
Commit: 43bdca28a8c0ceae376af214024ab6c62f107e26
Workflow: Native Windows App
Run: https://github.com/kc-scripter/lumacast/actions/runs/35770367024
Job: https://github.com/kc-scripter/lumacast/actions/runs/35770367024/job/106890275302

Result
------
The Release x64 build completed successfully. Production endpoint diagnostics,
native Socket.IO signaling, LiveKit connection, and the camera pixel roundtrip
also completed successfully. The job failed when launching:

  native-windows/build/Release/LuniraAgoraRoundtrip.exe

Observed output immediately before the failure
----------------------------------------------
  created room: AF38V74B
  join ack ok; owner room-state update: ok
  livekit token: ok
  livekit room connect: ok
  owner signaling: ok (attempt 1)
  viewer signaling: ok (attempt 1)
  native camera frame roundtrip: ok (160x88, 56320 bytes)
  Falhou o fluxo real: token do backend -> fonte sintética Agora -> pixels no receptor nativo.
  Error: Process completed with exit code 1.

Diagnosis at stop point
-----------------------
LuniraAgoraRoundtrip.exe produced none of its own startup/signaling diagnostic
lines and the step ended in about five seconds. This means the failure happened
before the test reached its main test path. The leading hypothesis is a Windows
loader/runtime dependency problem in the Agora test executable. It is not an
Agora channel/token timeout: those paths have explicit diagnostics and longer
timeouts that did not run.

The pinned official Agora SDK archive was verified locally:
  Version: 4.6.2 FULL
  SHA256: 44D0CAABC2B5232B0416DF63845D88E45DE45681B9D32D99617DBD41BA8E6523

Last known green native package
-------------------------------
Commit: aed2623e61f21091ede59689a0886d2650ecabc3
Run: https://github.com/kc-scripter/lumacast/actions/runs/35768482315
Artifact: LuniraScreen-Native
Compressed artifact size: 33,499,561 bytes
Uncompressed staged package: 73.56 MB

Suggested next diagnostic
-------------------------
Print the exact process exit code before the PowerShell throw and inspect the
PE import table of LuniraAgoraRoundtrip.exe/agora_rtc_sdk.dll on the runner.
If the code is STATUS_DLL_NOT_FOUND (0xC0000135), add only the missing Agora
runtime dependency to LuniraAgora.cmake and rerun the required roundtrip.
